rice                                7.47
  2.49 * 3
10.0% off(rice)                    -0.75

Total:                              6.72