apples                              4.98
  1.99 * 2.500
20.0% off(apples)                  -1.00

Total:                              3.98